// Jest Snapshot v1, https://goo.gl/fbAQLP

exports[`Test on <TodoList /> components Should be have the same lenght of task list 1`] = `
<ul>
  <TodoItem
    key="a2a9d66b-47d6-4459-ae36-4c330eee72ee"
    todo={
      Object {
        "completed": false,
        "id": "a2a9d66b-47d6-4459-ae36-4c330eee72ee",
        "task": "Tarea 1",
      }
    }
  />
  <TodoItem
    key="7f9c0dab-5f1c-4acf-8d13-b59e382abf6a"
    todo={
      Object {
        "completed": false,
        "id": "7f9c0dab-5f1c-4acf-8d13-b59e382abf6a",
        "task": "Tarea 2",
      }
    }
  />
</ul>
`;
